*** EVALUATION ***
PROGRAM "C:\Users\zhangguicheng\Desktop\光电程序（省赛备）\bin\Project.abs"

*********************************************************************************************
TARGET SECTION
---------------------------------------------------------------------------------------------
Processor   : Freescale HC12
Memory Model: BANKED
File Format : ELF\DWARF 2.0
Linker      : SmartLinker V-5.0.40 Build 10203, Jul 23 2010

*********************************************************************************************
FILE SECTION
---------------------------------------------------------------------------------------------
MC9S12XS128.c.o                         Model: BANKED,        Lang: ANSI-C
main.c.o                                Model: BANKED,        Lang: ANSI-C
Start12.c.o                             Model: BANKED,        Lang: ANSI-C
FADD.C.o (ansixb.lib)                   Model: BANKED,        Lang: ANSI-C
FCMP.C.o (ansixb.lib)                   Model: BANKED,        Lang: ANSI-C
FCONV.C.o (ansixb.lib)                  Model: BANKED,        Lang: ANSI-C
FMUL.C.o (ansixb.lib)                   Model: BANKED,        Lang: ANSI-C
FREGS.C.o (ansixb.lib)                  Model: BANKED,        Lang: ANSI-C
rtshc12.c.o (ansixb.lib)                Model: BANKED,        Lang: ANSI-C
VREGS.C.o (ansixb.lib)                  Model: BANKED,        Lang: ANSI-C

*********************************************************************************************
STARTUP SECTION
---------------------------------------------------------------------------------------------
Entry point: 0xC000 (_Startup)
_startupData is allocated at 0xC00F and uses 6 Bytes
extern struct _tagStartup {
  unsigned nofZeroOut     1
  _Range   pZeroOut       0x2100     2154
  _Copy    *toCopyDownBeg 0xC4DD
} _startupData;

*********************************************************************************************
SECTION-ALLOCATION SECTION
Section Name                    Size  Type     From       To       Segment
---------------------------------------------------------------------------------------------
.init                             15     R     0xC000     0xC00E   ROM_C000
.startData                        10     R     0xC00F     0xC018   ROM_C000
NON_BANKED                      1220     R     0xC019     0xC4DC   ROM_C000
.copy                           1090     R     0xC4DD     0xC91E   ROM_C000
.text                           4349     R   0xFE8000   0xFE90FC   PAGE_FE
.stack                           256   R/W     0x2000     0x20FF   RAM
.data                           1118   R/W     0x2100     0x255D   RAM
.abs_section_8                     1   N/I        0x8        0x8   .absSeg0
.abs_section_9                     1   N/I        0x9        0x9   .absSeg1
.abs_section_b                     1   N/I        0xB        0xB   .absSeg2
.abs_section_c                     1   N/I        0xC        0xC   .absSeg3
.abs_section_d                     1   N/I        0xD        0xD   .absSeg4
.abs_section_10                    1   N/I       0x10       0x10   .absSeg5
.abs_section_11                    1   N/I       0x11       0x11   .absSeg6
.abs_section_13                    1   N/I       0x13       0x13   .absSeg7
.abs_section_15                    1   N/I       0x15       0x15   .absSeg8
.abs_section_16                    1   N/I       0x16       0x16   .absSeg9
.abs_section_17                    1   N/I       0x17       0x17   .absSeg10
.abs_section_1c                    1   N/I       0x1C       0x1C   .absSeg11
.abs_section_1e                    1   N/I       0x1E       0x1E   .absSeg12
.abs_section_20                    1   N/I       0x20       0x20   .absSeg13
.abs_section_21                    1   N/I       0x21       0x21   .absSeg14
.abs_section_22                    1   N/I       0x22       0x22   .absSeg15
.abs_section_23                    1   N/I       0x23       0x23   .absSeg16
.abs_section_26                    1   N/I       0x26       0x26   .absSeg17
.abs_section_27                    1   N/I       0x27       0x27   .absSeg18
.abs_section_28                    1   N/I       0x28       0x28   .absSeg19
.abs_section_29                    1   N/I       0x29       0x29   .absSeg20
.abs_section_2a                    1   N/I       0x2A       0x2A   .absSeg21
.abs_section_2b                    1   N/I       0x2B       0x2B   .absSeg22
.abs_section_2c                    1   N/I       0x2C       0x2C   .absSeg23
.abs_section_2d                    1   N/I       0x2D       0x2D   .absSeg24
.abs_section_2e                    1   N/I       0x2E       0x2E   .absSeg25
.abs_section_2f                    1   N/I       0x2F       0x2F   .absSeg26
.abs_section_32                    1   N/I       0x32       0x32   .absSeg27
.abs_section_33                    1   N/I       0x33       0x33   .absSeg28
.abs_section_34                    1   N/I       0x34       0x34   .absSeg29
.abs_section_35                    1   N/I       0x35       0x35   .absSeg30
.abs_section_36                    1   N/I       0x36       0x36   .absSeg31
.abs_section_37                    1   N/I       0x37       0x37   .absSeg32
.abs_section_38                    1   N/I       0x38       0x38   .absSeg33
.abs_section_39                    1   N/I       0x39       0x39   .absSeg34
.abs_section_3a                    1   N/I       0x3A       0x3A   .absSeg35
.abs_section_3b                    1   N/I       0x3B       0x3B   .absSeg36
.abs_section_3c                    1   N/I       0x3C       0x3C   .absSeg37
.abs_section_3f                    1   N/I       0x3F       0x3F   .absSeg38
.abs_section_40                    1   N/I       0x40       0x40   .absSeg39
.abs_section_41                    1   N/I       0x41       0x41   .absSeg40
.abs_section_42                    1   N/I       0x42       0x42   .absSeg41
.abs_section_43                    1   N/I       0x43       0x43   .absSeg42
.abs_section_46                    1   N/I       0x46       0x46   .absSeg43
.abs_section_47                    1   N/I       0x47       0x47   .absSeg44
.abs_section_48                    1   N/I       0x48       0x48   .absSeg45
.abs_section_49                    1   N/I       0x49       0x49   .absSeg46
.abs_section_4a                    1   N/I       0x4A       0x4A   .absSeg47
.abs_section_4b                    1   N/I       0x4B       0x4B   .absSeg48
.abs_section_4c                    1   N/I       0x4C       0x4C   .absSeg49
.abs_section_4d                    1   N/I       0x4D       0x4D   .absSeg50
.abs_section_4e                    1   N/I       0x4E       0x4E   .absSeg51
.abs_section_4f                    1   N/I       0x4F       0x4F   .absSeg52
.abs_section_60                    1   N/I       0x60       0x60   .absSeg53
.abs_section_61                    1   N/I       0x61       0x61   .absSeg54
.abs_section_6c                    1   N/I       0x6C       0x6C   .absSeg55
.abs_section_6e                    1   N/I       0x6E       0x6E   .absSeg56
.abs_section_ca                    1   N/I       0xCA       0xCA   .absSeg57
.abs_section_cb                    1   N/I       0xCB       0xCB   .absSeg58
.abs_section_cc                    1   N/I       0xCC       0xCC   .absSeg59
.abs_section_cd                    1   N/I       0xCD       0xCD   .absSeg60
.abs_section_ce                    1   N/I       0xCE       0xCE   .absSeg61
.abs_section_cf                    1   N/I       0xCF       0xCF   .absSeg62
.abs_section_d2                    1   N/I       0xD2       0xD2   .absSeg63
.abs_section_d3                    1   N/I       0xD3       0xD3   .absSeg64
.abs_section_d4                    1   N/I       0xD4       0xD4   .absSeg65
.abs_section_d5                    1   N/I       0xD5       0xD5   .absSeg66
.abs_section_d6                    1   N/I       0xD6       0xD6   .absSeg67
.abs_section_d7                    1   N/I       0xD7       0xD7   .absSeg68
.abs_section_d8                    1   N/I       0xD8       0xD8   .absSeg69
.abs_section_d9                    1   N/I       0xD9       0xD9   .absSeg70
.abs_section_da                    1   N/I       0xDA       0xDA   .absSeg71
.abs_section_db                    1   N/I       0xDB       0xDB   .absSeg72
.abs_section_100                   1   N/I      0x100      0x100   .absSeg73
.abs_section_101                   1   N/I      0x101      0x101   .absSeg74
.abs_section_102                   1   N/I      0x102      0x102   .absSeg75
.abs_section_103                   1   N/I      0x103      0x103   .absSeg76
.abs_section_104                   1   N/I      0x104      0x104   .absSeg77
.abs_section_105                   1   N/I      0x105      0x105   .absSeg78
.abs_section_106                   1   N/I      0x106      0x106   .absSeg79
.abs_section_107                   1   N/I      0x107      0x107   .absSeg80
.abs_section_108                   1   N/I      0x108      0x108   .absSeg81
.abs_section_109                   1   N/I      0x109      0x109   .absSeg82
.abs_section_110                   1   N/I      0x110      0x110   .absSeg83
.abs_section_121                   1   N/I      0x121      0x121   .absSeg84
.abs_section_126                   1   N/I      0x126      0x126   .absSeg85
.abs_section_127                   1   N/I      0x127      0x127   .absSeg86
.abs_section_128                   1   N/I      0x128      0x128   .absSeg87
.abs_section_129                   1   N/I      0x129      0x129   .absSeg88
.abs_section_12a                   1   N/I      0x12A      0x12A   .absSeg89
.abs_section_12b                   1   N/I      0x12B      0x12B   .absSeg90
.abs_section_12c                   1   N/I      0x12C      0x12C   .absSeg91
.abs_section_12d                   1   N/I      0x12D      0x12D   .absSeg92
.abs_section_12e                   1   N/I      0x12E      0x12E   .absSeg93
.abs_section_12f                   1   N/I      0x12F      0x12F   .absSeg94
.abs_section_140                   1   N/I      0x140      0x140   .absSeg95
.abs_section_141                   1   N/I      0x141      0x141   .absSeg96
.abs_section_142                   1   N/I      0x142      0x142   .absSeg97
.abs_section_143                   1   N/I      0x143      0x143   .absSeg98
.abs_section_144                   1   N/I      0x144      0x144   .absSeg99
.abs_section_145                   1   N/I      0x145      0x145   .absSeg100
.abs_section_146                   1   N/I      0x146      0x146   .absSeg101
.abs_section_147                   1   N/I      0x147      0x147   .absSeg102
.abs_section_148                   1   N/I      0x148      0x148   .absSeg103
.abs_section_149                   1   N/I      0x149      0x149   .absSeg104
.abs_section_14a                   1   N/I      0x14A      0x14A   .absSeg105
.abs_section_14b                   1   N/I      0x14B      0x14B   .absSeg106
.abs_section_14d                   1   N/I      0x14D      0x14D   .absSeg107
.abs_section_14e                   1   N/I      0x14E      0x14E   .absSeg108
.abs_section_14f                   1   N/I      0x14F      0x14F   .absSeg109
.abs_section_150                   1   N/I      0x150      0x150   .absSeg110
.abs_section_151                   1   N/I      0x151      0x151   .absSeg111
.abs_section_152                   1   N/I      0x152      0x152   .absSeg112
.abs_section_153                   1   N/I      0x153      0x153   .absSeg113
.abs_section_154                   1   N/I      0x154      0x154   .absSeg114
.abs_section_155                   1   N/I      0x155      0x155   .absSeg115
.abs_section_156                   1   N/I      0x156      0x156   .absSeg116
.abs_section_157                   1   N/I      0x157      0x157   .absSeg117
.abs_section_158                   1   N/I      0x158      0x158   .absSeg118
.abs_section_159                   1   N/I      0x159      0x159   .absSeg119
.abs_section_15a                   1   N/I      0x15A      0x15A   .absSeg120
.abs_section_15b                   1   N/I      0x15B      0x15B   .absSeg121
.abs_section_15c                   1   N/I      0x15C      0x15C   .absSeg122
.abs_section_15d                   1   N/I      0x15D      0x15D   .absSeg123
.abs_section_15e                   1   N/I      0x15E      0x15E   .absSeg124
.abs_section_15f                   1   N/I      0x15F      0x15F   .absSeg125
.abs_section_160                   1   N/I      0x160      0x160   .absSeg126
.abs_section_161                   1   N/I      0x161      0x161   .absSeg127
.abs_section_162                   1   N/I      0x162      0x162   .absSeg128
.abs_section_163                   1   N/I      0x163      0x163   .absSeg129
.abs_section_164                   1   N/I      0x164      0x164   .absSeg130
.abs_section_165                   1   N/I      0x165      0x165   .absSeg131
.abs_section_166                   1   N/I      0x166      0x166   .absSeg132
.abs_section_167                   1   N/I      0x167      0x167   .absSeg133
.abs_section_168                   1   N/I      0x168      0x168   .absSeg134
.abs_section_169                   1   N/I      0x169      0x169   .absSeg135
.abs_section_16a                   1   N/I      0x16A      0x16A   .absSeg136
.abs_section_16b                   1   N/I      0x16B      0x16B   .absSeg137
.abs_section_16c                   1   N/I      0x16C      0x16C   .absSeg138
.abs_section_170                   1   N/I      0x170      0x170   .absSeg139
.abs_section_171                   1   N/I      0x171      0x171   .absSeg140
.abs_section_172                   1   N/I      0x172      0x172   .absSeg141
.abs_section_173                   1   N/I      0x173      0x173   .absSeg142
.abs_section_174                   1   N/I      0x174      0x174   .absSeg143
.abs_section_175                   1   N/I      0x175      0x175   .absSeg144
.abs_section_176                   1   N/I      0x176      0x176   .absSeg145
.abs_section_177                   1   N/I      0x177      0x177   .absSeg146
.abs_section_178                   1   N/I      0x178      0x178   .absSeg147
.abs_section_179                   1   N/I      0x179      0x179   .absSeg148
.abs_section_17a                   1   N/I      0x17A      0x17A   .absSeg149
.abs_section_17b                   1   N/I      0x17B      0x17B   .absSeg150
.abs_section_17c                   1   N/I      0x17C      0x17C   .absSeg151
.abs_section_17d                   1   N/I      0x17D      0x17D   .absSeg152
.abs_section_240                   1   N/I      0x240      0x240   .absSeg153
.abs_section_241                   1   N/I      0x241      0x241   .absSeg154
.abs_section_242                   1   N/I      0x242      0x242   .absSeg155
.abs_section_243                   1   N/I      0x243      0x243   .absSeg156
.abs_section_244                   1   N/I      0x244      0x244   .absSeg157
.abs_section_245                   1   N/I      0x245      0x245   .absSeg158
.abs_section_247                   1   N/I      0x247      0x247   .absSeg159
.abs_section_248                   1   N/I      0x248      0x248   .absSeg160
.abs_section_249                   1   N/I      0x249      0x249   .absSeg161
.abs_section_24a                   1   N/I      0x24A      0x24A   .absSeg162
.abs_section_24b                   1   N/I      0x24B      0x24B   .absSeg163
.abs_section_24c                   1   N/I      0x24C      0x24C   .absSeg164
.abs_section_24d                   1   N/I      0x24D      0x24D   .absSeg165
.abs_section_24e                   1   N/I      0x24E      0x24E   .absSeg166
.abs_section_250                   1   N/I      0x250      0x250   .absSeg167
.abs_section_251                   1   N/I      0x251      0x251   .absSeg168
.abs_section_252                   1   N/I      0x252      0x252   .absSeg169
.abs_section_253                   1   N/I      0x253      0x253   .absSeg170
.abs_section_254                   1   N/I      0x254      0x254   .absSeg171
.abs_section_255                   1   N/I      0x255      0x255   .absSeg172
.abs_section_256                   1   N/I      0x256      0x256   .absSeg173
.abs_section_257                   1   N/I      0x257      0x257   .absSeg174
.abs_section_258                   1   N/I      0x258      0x258   .absSeg175
.abs_section_259                   1   N/I      0x259      0x259   .absSeg176
.abs_section_25a                   1   N/I      0x25A      0x25A   .absSeg177
.abs_section_25b                   1   N/I      0x25B      0x25B   .absSeg178
.abs_section_25c                   1   N/I      0x25C      0x25C   .absSeg179
.abs_section_25d                   1   N/I      0x25D      0x25D   .absSeg180
.abs_section_25e                   1   N/I      0x25E      0x25E   .absSeg181
.abs_section_25f                   1   N/I      0x25F      0x25F   .absSeg182
.abs_section_260                   1   N/I      0x260      0x260   .absSeg183
.abs_section_261                   1   N/I      0x261      0x261   .absSeg184
.abs_section_262                   1   N/I      0x262      0x262   .absSeg185
.abs_section_263                   1   N/I      0x263      0x263   .absSeg186
.abs_section_264                   1   N/I      0x264      0x264   .absSeg187
.abs_section_265                   1   N/I      0x265      0x265   .absSeg188
.abs_section_266                   1   N/I      0x266      0x266   .absSeg189
.abs_section_267                   1   N/I      0x267      0x267   .absSeg190
.abs_section_268                   1   N/I      0x268      0x268   .absSeg191
.abs_section_269                   1   N/I      0x269      0x269   .absSeg192
.abs_section_26a                   1   N/I      0x26A      0x26A   .absSeg193
.abs_section_26b                   1   N/I      0x26B      0x26B   .absSeg194
.abs_section_26c                   1   N/I      0x26C      0x26C   .absSeg195
.abs_section_26d                   1   N/I      0x26D      0x26D   .absSeg196
.abs_section_26e                   1   N/I      0x26E      0x26E   .absSeg197
.abs_section_26f                   1   N/I      0x26F      0x26F   .absSeg198
.abs_section_2c6                   1   N/I      0x2C6      0x2C6   .absSeg199
.abs_section_2f0                   1   N/I      0x2F0      0x2F0   .absSeg200
.abs_section_2f1                   1   N/I      0x2F1      0x2F1   .absSeg201
.abs_section_2f2                   1   N/I      0x2F2      0x2F2   .absSeg202
.abs_section_2f3                   1   N/I      0x2F3      0x2F3   .absSeg203
.abs_section_2f7                   1   N/I      0x2F7      0x2F7   .absSeg204
.abs_section_300                   1   N/I      0x300      0x300   .absSeg205
.abs_section_301                   1   N/I      0x301      0x301   .absSeg206
.abs_section_302                   1   N/I      0x302      0x302   .absSeg207
.abs_section_303                   1   N/I      0x303      0x303   .absSeg208
.abs_section_304                   1   N/I      0x304      0x304   .absSeg209
.abs_section_305                   1   N/I      0x305      0x305   .absSeg210
.abs_section_308                   1   N/I      0x308      0x308   .absSeg211
.abs_section_309                   1   N/I      0x309      0x309   .absSeg212
.abs_section_324                   1   N/I      0x324      0x324   .absSeg213
.abs_section_340                   1   N/I      0x340      0x340   .absSeg214
.abs_section_341                   1   N/I      0x341      0x341   .absSeg215
.abs_section_342                   1   N/I      0x342      0x342   .absSeg216
.abs_section_343                   1   N/I      0x343      0x343   .absSeg217
.abs_section_344                   1   N/I      0x344      0x344   .absSeg218
.abs_section_345                   1   N/I      0x345      0x345   .absSeg219
.abs_section_346                   1   N/I      0x346      0x346   .absSeg220
.abs_section_347                   1   N/I      0x347      0x347   .absSeg221
.abs_section_0                     2   N/I        0x0        0x1   .absSeg222
.abs_section_2                     2   N/I        0x2        0x3   .absSeg223
.abs_section_1a                    2   N/I       0x1A       0x1B   .absSeg224
.abs_section_24                    2   N/I       0x24       0x25   .absSeg225
.abs_section_44                    2   N/I       0x44       0x45   .absSeg226
.abs_section_50                    2   N/I       0x50       0x51   .absSeg227
.abs_section_52                    2   N/I       0x52       0x53   .absSeg228
.abs_section_54                    2   N/I       0x54       0x55   .absSeg229
.abs_section_56                    2   N/I       0x56       0x57   .absSeg230
.abs_section_58                    2   N/I       0x58       0x59   .absSeg231
.abs_section_5a                    2   N/I       0x5A       0x5B   .absSeg232
.abs_section_5c                    2   N/I       0x5C       0x5D   .absSeg233
.abs_section_5e                    2   N/I       0x5E       0x5F   .absSeg234
.abs_section_62                    2   N/I       0x62       0x63   .absSeg235
.abs_section_c8                    2   N/I       0xC8       0xC9   .absSeg236
.abs_section_d0                    2   N/I       0xD0       0xD1   .absSeg237
.abs_section_dc                    2   N/I       0xDC       0xDD   .absSeg238
.abs_section_10a                   2   N/I      0x10A      0x10B   .absSeg239
.abs_section_10e                   2   N/I      0x10E      0x10F   .absSeg240
.abs_section_16e                   2   N/I      0x16E      0x16F   .absSeg241
.abs_section_17e                   2   N/I      0x17E      0x17F   .absSeg242
.abs_section_270                   2   N/I      0x270      0x271   .absSeg243
.abs_section_272                   2   N/I      0x272      0x273   .absSeg244
.abs_section_274                   2   N/I      0x274      0x275   .absSeg245
.abs_section_276                   2   N/I      0x276      0x277   .absSeg246
.abs_section_2c0                   2   N/I      0x2C0      0x2C1   .absSeg247
.abs_section_2c2                   2   N/I      0x2C2      0x2C3   .absSeg248
.abs_section_2c4                   2   N/I      0x2C4      0x2C5   .absSeg249
.abs_section_2c8                   2   N/I      0x2C8      0x2C9   .absSeg250
.abs_section_2ca                   2   N/I      0x2CA      0x2CB   .absSeg251
.abs_section_2cc                   2   N/I      0x2CC      0x2CD   .absSeg252
.abs_section_2ce                   2   N/I      0x2CE      0x2CF   .absSeg253
.abs_section_2d0                   2   N/I      0x2D0      0x2D1   .absSeg254
.abs_section_2d2                   2   N/I      0x2D2      0x2D3   .absSeg255
.abs_section_2d4                   2   N/I      0x2D4      0x2D5   .absSeg256
.abs_section_2d6                   2   N/I      0x2D6      0x2D7   .absSeg257
.abs_section_2d8                   2   N/I      0x2D8      0x2D9   .absSeg258
.abs_section_2da                   2   N/I      0x2DA      0x2DB   .absSeg259
.abs_section_2dc                   2   N/I      0x2DC      0x2DD   .absSeg260
.abs_section_2de                   2   N/I      0x2DE      0x2DF   .absSeg261
.abs_section_2e0                   2   N/I      0x2E0      0x2E1   .absSeg262
.abs_section_2e2                   2   N/I      0x2E2      0x2E3   .absSeg263
.abs_section_2e4                   2   N/I      0x2E4      0x2E5   .absSeg264
.abs_section_2e6                   2   N/I      0x2E6      0x2E7   .absSeg265
.abs_section_2e8                   2   N/I      0x2E8      0x2E9   .absSeg266
.abs_section_2ea                   2   N/I      0x2EA      0x2EB   .absSeg267
.abs_section_2ec                   2   N/I      0x2EC      0x2ED   .absSeg268
.abs_section_2ee                   2   N/I      0x2EE      0x2EF   .absSeg269
.abs_section_2f4                   2   N/I      0x2F4      0x2F5   .absSeg270
.abs_section_30c                   2   N/I      0x30C      0x30D   .absSeg271
.abs_section_30e                   2   N/I      0x30E      0x30F   .absSeg272
.abs_section_310                   2   N/I      0x310      0x311   .absSeg273
.abs_section_312                   2   N/I      0x312      0x313   .absSeg274
.abs_section_314                   2   N/I      0x314      0x315   .absSeg275
.abs_section_316                   2   N/I      0x316      0x317   .absSeg276
.abs_section_318                   2   N/I      0x318      0x319   .absSeg277
.abs_section_31a                   2   N/I      0x31A      0x31B   .absSeg278
.abs_section_31c                   2   N/I      0x31C      0x31D   .absSeg279
.abs_section_31e                   2   N/I      0x31E      0x31F   .absSeg280
.abs_section_320                   2   N/I      0x320      0x321   .absSeg281
.abs_section_322                   2   N/I      0x322      0x323   .absSeg282
.abs_section_348                   2   N/I      0x348      0x349   .absSeg283
.abs_section_34a                   2   N/I      0x34A      0x34B   .absSeg284
.abs_section_34c                   2   N/I      0x34C      0x34D   .absSeg285
.abs_section_34e                   2   N/I      0x34E      0x34F   .absSeg286
.abs_section_350                   2   N/I      0x350      0x351   .absSeg287
.abs_section_352                   2   N/I      0x352      0x353   .absSeg288
.abs_section_354                   2   N/I      0x354      0x355   .absSeg289
.abs_section_356                   2   N/I      0x356      0x357   .absSeg290
.abs_section_ff7a                  2     R     0xFF7A     0xFF7B   .absSeg291
.bss                            1000   R/W     0x255E     0x2945   RAM
.common                           36   R/W     0x2946     0x2969   RAM
.vectSeg292_vect                   2     R     0xFFFE     0xFFFF   .vectSeg292

Summary of section sizes per section type:
READ_ONLY (R):        1A20 (dec:     6688)
READ_WRITE (R/W):      96A (dec:     2410)
NO_INIT (N/I):         168 (dec:      360)

*********************************************************************************************
VECTOR-ALLOCATION SECTION
    Address     InitValue   InitFunction
---------------------------------------------------------------------------------------------
     0xFFFE        0xC000   _Startup

*********************************************************************************************
OBJECT-ALLOCATION SECTION
     Name               Module                 Addr   hSize   dSize     Ref    Section   RLIB
---------------------------------------------------------------------------------------------
MODULE:                 -- MC9S12XS128.c.o --
- PROCEDURES:
- VARIABLES:
     _PORTE                                       8       1       1       3   .abs_section_8
     _DDRE                                        9       1       1       1   .abs_section_9
     _MODE                                        B       1       1       0   .abs_section_b
     _PUCR                                        C       1       1       1   .abs_section_c
     _RDRIV                                       D       1       1       0   .abs_section_d
     _GPAGE                                      10       1       1       0   .abs_section_10
     _DIRECT                                     11       1       1       0   .abs_section_11
     _MMCCTL1                                    13       1       1       0   .abs_section_13
     _PPAGE                                      15       1       1       0   .abs_section_15
     _RPAGE                                      16       1       1       0   .abs_section_16
     _EPAGE                                      17       1       1       0   .abs_section_17
     _ECLKCTL                                    1C       1       1       0   .abs_section_1c
     _IRQCR                                      1E       1       1       1   .abs_section_1e
     _DBGC1                                      20       1       1       0   .abs_section_20
     _DBGSR                                      21       1       1       0   .abs_section_21
     _DBGTCR                                     22       1       1       0   .abs_section_22
     _DBGC2                                      23       1       1       0   .abs_section_23
     _DBGCNT                                     26       1       1       0   .abs_section_26
     _DBGSCRX                                    27       1       1       0   .abs_section_27
     _DBGXCTL                                    28       1       1       0   .abs_section_28
     _DBGXAH                                     29       1       1       0   .abs_section_29
     _DBGXAM                                     2A       1       1       0   .abs_section_2a
     _DBGXAL                                     2B       1       1       0   .abs_section_2b
     _DBGXDH                                     2C       1       1       0   .abs_section_2c
     _DBGXDL                                     2D       1       1       0   .abs_section_2d
     _DBGXDHM                                    2E       1       1       0   .abs_section_2e
     _DBGXDLM                                    2F       1       1       0   .abs_section_2f
     _PORTK                                      32       1       1       0   .abs_section_32
     _DDRK                                       33       1       1       0   .abs_section_33
     _SYNR                                       34       1       1       1   .abs_section_34
     _REFDV                                      35       1       1       1   .abs_section_35
     _POSTDIV                                    36       1       1       1   .abs_section_36
     _CRGFLG                                     37       1       1       1   .abs_section_37
     _CRGINT                                     38       1       1       0   .abs_section_38
     _CLKSEL                                     39       1       1       2   .abs_section_39
     _PLLCTL                                     3A       1       1       1   .abs_section_3a
     _RTICTL                                     3B       1       1       0   .abs_section_3b
     _COPCTL                                     3C       1       1       0   .abs_section_3c
     _ARMCOP                                     3F       1       1       0   .abs_section_3f
     _TIOS                                       40       1       1       0   .abs_section_40
     _CFORC                                      41       1       1       0   .abs_section_41
     _OC7M                                       42       1       1       0   .abs_section_42
     _OC7D                                       43       1       1       0   .abs_section_43
     _TSCR1                                      46       1       1       0   .abs_section_46
     _TTOV                                       47       1       1       0   .abs_section_47
     _TCTL1                                      48       1       1       0   .abs_section_48
     _TCTL2                                      49       1       1       0   .abs_section_49
     _TCTL3                                      4A       1       1       0   .abs_section_4a
     _TCTL4                                      4B       1       1       0   .abs_section_4b
     _TIE                                        4C       1       1       0   .abs_section_4c
     _TSCR2                                      4D       1       1       0   .abs_section_4d
     _TFLG1                                      4E       1       1       0   .abs_section_4e
     _TFLG2                                      4F       1       1       0   .abs_section_4f
     _PACTL                                      60       1       1       6   .abs_section_60
     _PAFLG                                      61       1       1       0   .abs_section_61
     _OCPD                                       6C       1       1       0   .abs_section_6c
     _PTPSR                                      6E       1       1       0   .abs_section_6e
     _SCI0ACR2                                   CA       1       1       0   .abs_section_ca
     _SCI0CR2                                    CB       1       1       0   .abs_section_cb
     _SCI0SR1                                    CC       1       1       0   .abs_section_cc
     _SCI0SR2                                    CD       1       1       0   .abs_section_cd
     _SCI0DRH                                    CE       1       1       0   .abs_section_ce
     _SCI0DRL                                    CF       1       1       0   .abs_section_cf
     _SCI1ACR2                                   D2       1       1       0   .abs_section_d2
     _SCI1CR2                                    D3       1       1       0   .abs_section_d3
     _SCI1SR1                                    D4       1       1       0   .abs_section_d4
     _SCI1SR2                                    D5       1       1       0   .abs_section_d5
     _SCI1DRH                                    D6       1       1       0   .abs_section_d6
     _SCI1DRL                                    D7       1       1       0   .abs_section_d7
     _SPI0CR1                                    D8       1       1       0   .abs_section_d8
     _SPI0CR2                                    D9       1       1       0   .abs_section_d9
     _SPI0BR                                     DA       1       1       0   .abs_section_da
     _SPI0SR                                     DB       1       1       0   .abs_section_db
     _FCLKDIV                                   100       1       1       0   .abs_section_100
     _FSEC                                      101       1       1       0   .abs_section_101
     _FCCOBIX                                   102       1       1       0   .abs_section_102
     _FECCRIX                                   103       1       1       0   .abs_section_103
     _FCNFG                                     104       1       1       0   .abs_section_104
     _FERCNFG                                   105       1       1       0   .abs_section_105
     _FSTAT                                     106       1       1       0   .abs_section_106
     _FERSTAT                                   107       1       1       0   .abs_section_107
     _FPROT                                     108       1       1       0   .abs_section_108
     _DFPROT                                    109       1       1       0   .abs_section_109
     _FOPT                                      110       1       1       0   .abs_section_110
     _IVBR                                      121       1       1       0   .abs_section_121
     _INT_XGPRIO                                126       1       1       0   .abs_section_126
     _INT_CFADDR                                127       1       1       0   .abs_section_127
     _INT_CFDATA0                               128       1       1       0   .abs_section_128
     _INT_CFDATA1                               129       1       1       0   .abs_section_129
     _INT_CFDATA2                               12A       1       1       0   .abs_section_12a
     _INT_CFDATA3                               12B       1       1       0   .abs_section_12b
     _INT_CFDATA4                               12C       1       1       0   .abs_section_12c
     _INT_CFDATA5                               12D       1       1       0   .abs_section_12d
     _INT_CFDATA6                               12E       1       1       0   .abs_section_12e
     _INT_CFDATA7                               12F       1       1       0   .abs_section_12f
     _CAN0CTL0                                  140       1       1       0   .abs_section_140
     _CAN0CTL1                                  141       1       1       0   .abs_section_141
     _CAN0BTR0                                  142       1       1       0   .abs_section_142
     _CAN0BTR1                                  143       1       1       0   .abs_section_143
     _CAN0RFLG                                  144       1       1       0   .abs_section_144
     _CAN0RIER                                  145       1       1       0   .abs_section_145
     _CAN0TFLG                                  146       1       1       0   .abs_section_146
     _CAN0TIER                                  147       1       1       0   .abs_section_147
     _CAN0TARQ                                  148       1       1       0   .abs_section_148
     _CAN0TAAK                                  149       1       1       0   .abs_section_149
     _CAN0TBSEL                                 14A       1       1       0   .abs_section_14a
     _CAN0IDAC                                  14B       1       1       0   .abs_section_14b
     _CAN0MISC                                  14D       1       1       0   .abs_section_14d
     _CAN0RXERR                                 14E       1       1       0   .abs_section_14e
     _CAN0TXERR                                 14F       1       1       0   .abs_section_14f
     _CAN0IDAR0                                 150       1       1       0   .abs_section_150
     _CAN0IDAR1                                 151       1       1       0   .abs_section_151
     _CAN0IDAR2                                 152       1       1       0   .abs_section_152
     _CAN0IDAR3                                 153       1       1       0   .abs_section_153
     _CAN0IDMR0                                 154       1       1       0   .abs_section_154
     _CAN0IDMR1                                 155       1       1       0   .abs_section_155
     _CAN0IDMR2                                 156       1       1       0   .abs_section_156
     _CAN0IDMR3                                 157       1       1       0   .abs_section_157
     _CAN0IDAR4                                 158       1       1       0   .abs_section_158
     _CAN0IDAR5                                 159       1       1       0   .abs_section_159
     _CAN0IDAR6                                 15A       1       1       0   .abs_section_15a
     _CAN0IDAR7                                 15B       1       1       0   .abs_section_15b
     _CAN0IDMR4                                 15C       1       1       0   .abs_section_15c
     _CAN0IDMR5                                 15D       1       1       0   .abs_section_15d
     _CAN0IDMR6                                 15E       1       1       0   .abs_section_15e
     _CAN0IDMR7                                 15F       1       1       0   .abs_section_15f
     _CAN0RXIDR0                                160       1       1       0   .abs_section_160
     _CAN0RXIDR1                                161       1       1       0   .abs_section_161
     _CAN0RXIDR2                                162       1       1       0   .abs_section_162
     _CAN0RXIDR3                                163       1       1       0   .abs_section_163
     _CAN0RXDSR0                                164       1       1       0   .abs_section_164
     _CAN0RXDSR1                                165       1       1       0   .abs_section_165
     _CAN0RXDSR2                                166       1       1       0   .abs_section_166
     _CAN0RXDSR3                                167       1       1       0   .abs_section_167
     _CAN0RXDSR4                                168       1       1       0   .abs_section_168
     _CAN0RXDSR5                                169       1       1       0   .abs_section_169
     _CAN0RXDSR6                                16A       1       1       0   .abs_section_16a
     _CAN0RXDSR7                                16B       1       1       0   .abs_section_16b
     _CAN0RXDLR                                 16C       1       1       0   .abs_section_16c
     _CAN0TXIDR0                                170       1       1       0   .abs_section_170
     _CAN0TXIDR1                                171       1       1       0   .abs_section_171
     _CAN0TXIDR2                                172       1       1       0   .abs_section_172
     _CAN0TXIDR3                                173       1       1       0   .abs_section_173
     _CAN0TXDSR0                                174       1       1       0   .abs_section_174
     _CAN0TXDSR1                                175       1       1       0   .abs_section_175
     _CAN0TXDSR2                                176       1       1       0   .abs_section_176
     _CAN0TXDSR3                                177       1       1       0   .abs_section_177
     _CAN0TXDSR4                                178       1       1       0   .abs_section_178
     _CAN0TXDSR5                                179       1       1       0   .abs_section_179
     _CAN0TXDSR6                                17A       1       1       0   .abs_section_17a
     _CAN0TXDSR7                                17B       1       1       0   .abs_section_17b
     _CAN0TXDLR                                 17C       1       1       0   .abs_section_17c
     _CAN0TXTBPR                                17D       1       1       0   .abs_section_17d
     _PTT                                       240       1       1       0   .abs_section_240
     _PTIT                                      241       1       1       0   .abs_section_241
     _DDRT                                      242       1       1       0   .abs_section_242
     _RDRT                                      243       1       1       0   .abs_section_243
     _PERT                                      244       1       1       0   .abs_section_244
     _PPST                                      245       1       1       0   .abs_section_245
     _PTTRR                                     247       1       1       0   .abs_section_247
     _PTS                                       248       1       1       0   .abs_section_248
     _PTIS                                      249       1       1       0   .abs_section_249
     _DDRS                                      24A       1       1       1   .abs_section_24a
     _RDRS                                      24B       1       1       0   .abs_section_24b
     _PERS                                      24C       1       1       0   .abs_section_24c
     _PPSS                                      24D       1       1       0   .abs_section_24d
     _WOMS                                      24E       1       1       0   .abs_section_24e
     _PTM                                       250       1       1      20   .abs_section_250
     _PTIM                                      251       1       1       0   .abs_section_251
     _DDRM                                      252       1       1       1   .abs_section_252
     _RDRM                                      253       1       1       0   .abs_section_253
     _PERM                                      254       1       1       0   .abs_section_254
     _PPSM                                      255       1       1       0   .abs_section_255
     _WOMM                                      256       1       1       0   .abs_section_256
     _MODRR                                     257       1       1       0   .abs_section_257
     _PTP                                       258       1       1       0   .abs_section_258
     _PTIP                                      259       1       1       0   .abs_section_259
     _DDRP                                      25A       1       1       0   .abs_section_25a
     _RDRP                                      25B       1       1       0   .abs_section_25b
     _PERP                                      25C       1       1       0   .abs_section_25c
     _PPSP                                      25D       1       1       0   .abs_section_25d
     _PIEP                                      25E       1       1       0   .abs_section_25e
     _PIFP                                      25F       1       1       0   .abs_section_25f
     _PTH                                       260       1       1       2   .abs_section_260
     _PTIH                                      261       1       1       0   .abs_section_261
     _DDRH                                      262       1       1       1   .abs_section_262
     _RDRH                                      263       1       1       0   .abs_section_263
     _PERH                                      264       1       1       0   .abs_section_264
     _PPSH                                      265       1       1       0   .abs_section_265
     _PIEH                                      266       1       1       0   .abs_section_266
     _PIFH                                      267       1       1       0   .abs_section_267
     _PTJ                                       268       1       1       0   .abs_section_268
     _PTIJ                                      269       1       1       0   .abs_section_269
     _DDRJ                                      26A       1       1       0   .abs_section_26a
     _RDRJ                                      26B       1       1       0   .abs_section_26b
     _PERJ                                      26C       1       1       0   .abs_section_26c
     _PPSJ                                      26D       1       1       0   .abs_section_26d
     _PIEJ                                      26E       1       1       0   .abs_section_26e
     _PIFJ                                      26F       1       1       0   .abs_section_26f
     _ATD0STAT0                                 2C6       1       1       0   .abs_section_2c6
     _VREGHTCL                                  2F0       1       1       0   .abs_section_2f0
     _VREGCTRL                                  2F1       1       1       0   .abs_section_2f1
     _VREGAPICL                                 2F2       1       1       0   .abs_section_2f2
     _VREGAPITR                                 2F3       1       1       0   .abs_section_2f3
     _VREGHTTR                                  2F7       1       1       0   .abs_section_2f7
     _PWME                                      300       1       1      11   .abs_section_300
     _PWMPOL                                    301       1       1       5   .abs_section_301
     _PWMCLK                                    302       1       1       5   .abs_section_302
     _PWMPRCLK                                  303       1       1       6   .abs_section_303
     _PWMCAE                                    304       1       1       5   .abs_section_304
     _PWMCTL                                    305       1       1       1   .abs_section_305
     _PWMSCLA                                   308       1       1       4   .abs_section_308
     _PWMSCLB                                   309       1       1       1   .abs_section_309
     _PWMSDN                                    324       1       1       0   .abs_section_324
     _PITCFLMT                                  340       1       1       2   .abs_section_340
     _PITFLT                                    341       1       1       0   .abs_section_341
     _PITCE                                     342       1       1       1   .abs_section_342
     _PITMUX                                    343       1       1       1   .abs_section_343
     _PITINTE                                   344       1       1       1   .abs_section_344
     _PITTF                                     345       1       1       2   .abs_section_345
     _PITMTLD0                                  346       1       1       1   .abs_section_346
     _PITMTLD1                                  347       1       1       0   .abs_section_347
     _PORTAB                                      0       2       2      24   .abs_section_0
     _DDRAB                                       2       2       2       2   .abs_section_2
     _PARTID                                     1A       2       2       0   .abs_section_1a
     _DBGTB                                      24       2       2       0   .abs_section_24
     _TCNT                                       44       2       2       0   .abs_section_44
     _TC0                                        50       2       2       0   .abs_section_50
     _TC1                                        52       2       2       0   .abs_section_52
     _TC2                                        54       2       2       0   .abs_section_54
     _TC3                                        56       2       2       0   .abs_section_56
     _TC4                                        58       2       2       0   .abs_section_58
     _TC5                                        5A       2       2       0   .abs_section_5a
     _TC6                                        5C       2       2       0   .abs_section_5c
     _TC7                                        5E       2       2       0   .abs_section_5e
     _PACNT                                      62       2       2       3   .abs_section_62
     _SCI0BD                                     C8       2       2       0   .abs_section_c8
     _SCI1BD                                     D0       2       2       0   .abs_section_d0
     _SPI0DR                                     DC       2       2       0   .abs_section_dc
     _FCCOB                                     10A       2       2       0   .abs_section_10a
     _FECCR                                     10E       2       2       0   .abs_section_10e
     _CAN0RXTSR                                 16E       2       2       0   .abs_section_16e
     _CAN0TXTSR                                 17E       2       2       0   .abs_section_17e
     _PT01AD0                                   270       2       2       0   .abs_section_270
     _DDR01AD0                                  272       2       2       0   .abs_section_272
     _RDR01AD0                                  274       2       2       0   .abs_section_274
     _PER01AD0                                  276       2       2       0   .abs_section_276
     _ATD0CTL01                                 2C0       2       2       1   .abs_section_2c0
     _ATD0CTL23                                 2C2       2       2       2   .abs_section_2c2
     _ATD0CTL45                                 2C4       2       2       2   .abs_section_2c4
     _ATD0CMPE                                  2C8       2       2       0   .abs_section_2c8
     _ATD0STAT2                                 2CA       2       2       1   .abs_section_2ca
     _ATD0DIEN                                  2CC       2       2       1   .abs_section_2cc
     _ATD0CMPHT                                 2CE       2       2       0   .abs_section_2ce
     _ATD0DR0                                   2D0       2       2       1   .abs_section_2d0
     _ATD0DR1                                   2D2       2       2       0   .abs_section_2d2
     _ATD0DR2                                   2D4       2       2       0   .abs_section_2d4
     _ATD0DR3                                   2D6       2       2       0   .abs_section_2d6
     _ATD0DR4                                   2D8       2       2       0   .abs_section_2d8
     _ATD0DR5                                   2DA       2       2       0   .abs_section_2da
     _ATD0DR6                                   2DC       2       2       0   .abs_section_2dc
     _ATD0DR7                                   2DE       2       2       0   .abs_section_2de
     _ATD0DR8                                   2E0       2       2       0   .abs_section_2e0
     _ATD0DR9                                   2E2       2       2       0   .abs_section_2e2
     _ATD0DR10                                  2E4       2       2       0   .abs_section_2e4
     _ATD0DR11                                  2E6       2       2       0   .abs_section_2e6
     _ATD0DR12                                  2E8       2       2       0   .abs_section_2e8
     _ATD0DR13                                  2EA       2       2       0   .abs_section_2ea
     _ATD0DR14                                  2EC       2       2       0   .abs_section_2ec
     _ATD0DR15                                  2EE       2       2       0   .abs_section_2ee
     _VREGAPIR                                  2F4       2       2       0   .abs_section_2f4
     _PWMCNT01                                  30C       2       2       2   .abs_section_30c
     _PWMCNT23                                  30E       2       2       1   .abs_section_30e
     _PWMCNT45                                  310       2       2       2   .abs_section_310
     _PWMCNT67                                  312       2       2       0   .abs_section_312
     _PWMPER01                                  314       2       2       2   .abs_section_314
     _PWMPER23                                  316       2       2       1   .abs_section_316
     _PWMPER45                                  318       2       2       2   .abs_section_318
     _PWMPER67                                  31A       2       2       0   .abs_section_31a
     _PWMDTY01                                  31C       2       2       8   .abs_section_31c
     _PWMDTY23                                  31E       2       2       4   .abs_section_31e
     _PWMDTY45                                  320       2       2       9   .abs_section_320
     _PWMDTY67                                  322       2       2       0   .abs_section_322
     _PITLD0                                    348       2       2       1   .abs_section_348
     _PITCNT0                                   34A       2       2       0   .abs_section_34a
     _PITLD1                                    34C       2       2       0   .abs_section_34c
     _PITCNT1                                   34E       2       2       0   .abs_section_34e
     _PITLD2                                    350       2       2       0   .abs_section_350
     _PITCNT2                                   352       2       2       0   .abs_section_352
     _PITLD3                                    354       2       2       0   .abs_section_354
     _PITCNT3                                   356       2       2       0   .abs_section_356
MODULE:                 -- main.c.o --
- PROCEDURES:
     delay_1ms                               FE8000       9       9       6   .text       
     LCD_write_byte                          FE8009      32      50      16   .text       
     LCD_init                                FE803B      46      70       2   .text       
     LCD_set_XY                              FE8081      15      21       2   .text       
     LCD_clear                               FE8096      29      41       2   .text       
     LCD_write_shu                           FE80BF      D0     208       6   .text       
     SetBusCLK_40M                           FE818F      1A      26       2   .text       
     PWM_rudder_init                         FE81A9      36      54       2   .text       
     PWM_init_motor0                         FE81DF      4F      79       2   .text       
     PWM_init_motor1                         FE822E      4F      79       2   .text       
     AD_Init                                 FE827D      19      25       2   .text       
     boman                                   FE8296      81     129       2   .text       
     steer_control                           FE8317     181     385       2   .text       
     AD_ctrl                                 FE8498      91     145       2   .text       
     Steer                                   FE8529      59      89       2   .text       
     Cal_P_Item                              FE8582     187     391      21   .text       
     Cal_D_Item                              FE8709      AD     173       2   .text       
     abs                                     FE87B6       C      12       6   .text       
     Init_speed_tab                          FE87C2      41      65       2   .text       
     MOTOR_forward                           FE8803      54      84       2   .text       
     MOTORforward_Control                    FE8857      7D     125       4   .text       
     motor_ctrl2                             FE88D4      B2     178       2   .text       
     motor_ctrl20                            FE8986      B2     178       2   .text       
     road_Judgement                          FE8A38     1B6     438      12   .text       
     Speed_Control                           FE8BEE     269     617      29   .text       
     PA_Init                                 FE8E57      11      17       2   .text       
     initPIT                                 FE8E68      1D      29       2   .text       
     delay                                   FE8E85      1E      30       2   .text       
     main                                    FE8EA3      EF     239       2   .text       
     Dly_us                                  FE8F92      14      20      12   .text       
     RD_TSL                                  FE8FA6      71     113       2   .text       
     dongtaiyuzhi                            FE9017      BD     189       2   .text       
     PIT0                                      C019      B1     177       1   NON_BANKED  
- VARIABLES:
     font6x8                                   2100     450    1104       1   .data       
     g                                         2550       4       4       2   .data       
     P_seg1                                    2554       2       2       8   .data       
     P_seg2                                    2556       2       2       8   .data       
     P_seg3                                    2558       2       2       4   .data       
     P_seg4                                    255A       2       2       2   .data       
     P_max                                     255C       2       2       4   .data       
     Pulse_count                               255E       2       2       6   .bss        
     Pulse_count0                              2560       2       2       6   .bss        
     pre_error                                 2562       2       2       3   .bss        
     pre_error0                                2564       2       2       3   .bss        
     ppre_error                                2566       2       2       3   .bss        
     ppre_error0                               2568       2       2       3   .bss        
     speed_tab                                 256A      C8     200       2   .bss        
     LOW_SPEED                                 2632       2       2       5   .bss        
     HIGH_SPEED                                2634       2       2       8   .bss        
     car_driver                                2636       2       2       2   .bss        
     car_driver0                               2638       2       2       2   .bss        
     ad_div                                    263A       4       4      26   .bss        
     stop_cnt                                  263E       2       2       3   .bss        
     slope_flag                                2640       2       2       3   .bss        
     slope_flag1                               2642       2       2       3   .bss        
     ADV0                                      2644     100     256       8   .bss        
     ADV_0                                     2744     100     256      10   .bss        
     CCD1                                      2844       2       2       5   .bss        
     CCD2                                      2846       2       2       1   .bss        
     pre_CCD1                                  2848       2       2       2   .bss        
     total                                     284A       2       2       2   .bss        
     zai_cnt                                   284C       2       2       5   .bss        
     s2w_flag                                  284E       2       2       4   .bss        
     zai_flag                                  2850       2       2       2   .bss        
     straight_flag                             2852       2       2       5   .bss        
     long_straight_flag                        2854       2       2       5   .bss        
     ls2w_flag                                 2856       2       2       4   .bss        
     pozhi_flag                                2858       2       2       2   .bss        
     poqi_flag                                 285A       2       2       1   .bss        
     start                                     285C       2       2       2   .bss        
     start_cnt                                 285E       2       2       3   .bss        
     l2                                        2860       2       2       2   .bss        
     r2                                        2862       2       2       3   .bss        
     lock                                      2864       2       2       4   .bss        
     pit_cnt                                   2866       2       2       3   .bss        
     start_flag                                2868       2       2       1   .bss        
     queue_index.3                             286A       2       2       8   .bss        
     straight_cnt.6                            286C       2       2       4   .bss        
     s2w_cnt.7                                 286E       2       2       3   .bss        
     ls2w_cnt.10                               2870       2       2       3   .bss        
     long_straight_cnt.17                      2872       2       2       4   .bss        
     pozhi_cnt.19                              2874       2       2       3   .bss        
     za_cnt.20                                 2876       2       2       4   .bss        
     Z1.2                                      2878      CC     204       4   .bss        
     slope_cnt.15                              2944       2       2       3   .bss        
     _Vector_66                                FF7A       2       2       0   .abs_section_ff7a
     now_speed0                                2946       2       2       3   .common     
     now_speed                                 2948       2       2       5   .common     
     speed_ept0                                294A       2       2      19   .common     
     speed_ept                                 294C       2       2      19   .common     
     ideal_speed                               294E       2       2       6   .common     
     ideal_speed0                              2950       2       2       6   .common     
     speed                                     2952       2       2       6   .common     
     speed0                                    2954       2       2       6   .common     
     pre_div                                   2956       4       4      10   .common     
     wxstop                                    295A       2       2       2   .common     
     position                                  295C       2       2       6   .common     
     Servo_Dir                                 295E       2       2       7   .common     
     preServo_Dir                              2960       2       2       1   .common     
     stop_finish                               2962       2       2       2   .common     
     za_flag                                   2964       2       2       4   .common     
     k_cnt                                     2966       2       2       4   .common     
     time                                      2968       2       2       5   .common     
MODULE:                 -- Start12.c.o --
- PROCEDURES:
     Init                                    FE90D4      29      41       2   .text       
     _Startup                                  C000       F      15       0   .init       
- VARIABLES:
     _startupData                              C00F       6       6       3   .startData  
- LABELS:
     __SEG_END_SSTACK                          2100       0       0       1               
MODULE:                 -- FADD.C.o (ansixb.lib) --
- PROCEDURES:
     F_ADDKL                                   C0CA      5E      94       1   NON_BANKED  
     _FADD                                     C128      15      21       8   NON_BANKED  
     _FSUB                                     C13D      13      19       3   NON_BANKED  
- VARIABLES:
MODULE:                 -- FCMP.C.o (ansixb.lib) --
- PROCEDURES:
     _FCMP                                     C150      26      38       4   NON_BANKED  
- VARIABLES:
MODULE:                 -- FCONV.C.o (ansixb.lib) --
- PROCEDURES:
     F_TOLONGK                                 C176      32      50       1   NON_BANKED  
     F_FRLONGK                                 C1A8      1E      30       1   NON_BANKED  
     _FSFLOAT                                  C1C6      12      18      11   NON_BANKED  
     _FSTRUNC                                  C1D8      11      17       8   NON_BANKED  
     _FUTRUNC                                  C1E9       3       3       2   NON_BANKED  
- VARIABLES:
MODULE:                 -- FMUL.C.o (ansixb.lib) --
- PROCEDURES:
     F_DIVKL                                   C1EC      84     132       1   NON_BANKED  
     F_MULKL                                   C270      57      87       1   NON_BANKED  
     _FMUL                                     C2C7      14      20      11   NON_BANKED  
     _FDIV                                     C2DB      1E      30       8   NON_BANKED  
- VARIABLES:
MODULE:                 -- FREGS.C.o (ansixb.lib) --
- PROCEDURES:
     F_PULK                                    C2F9      15      21       4   NON_BANKED  
     F_PULL                                    C30E      15      21       3   NON_BANKED  
     F_PSHK                                    C323      13      19       4   NON_BANKED  
     F_XGKL                                    C336      21      33       2   NON_BANKED  
     F_CLRK                                    C357       B      11       2   NON_BANKED  
     F_MAXK                                    C362       9       9       2   NON_BANKED  
     F_NORMK                                   C36B      37      55       3   NON_BANKED  
- VARIABLES:
MODULE:                 -- rtshc12.c.o (ansixb.lib) --
- PROCEDURES:
     _BDIVMODS                                 C3A2       B      11       1   NON_BANKED  
     _LMULU16x32                               C3AD       F      15       1   NON_BANKED  
     _lDivMod                                  C3BC      B9     185       3   NON_BANKED  
     _LDIVU                                    C475       E      14       1   NON_BANKED  
     _NEG_P                                    C483       C      12       5   NON_BANKED  
     _LDIVS                                    C48F      35      53       1   NON_BANKED  
- VARIABLES:
MODULE:                 -- VREGS.C.o (ansixb.lib) --
- PROCEDURES:
     L_NEGK                                    C4C4       7       7       2   NON_BANKED  
     L_PSHK                                    C4CB       8       8       1   NON_BANKED  
     SL_PULK                                   C4D3       A      10       1   NON_BANKED  
- VARIABLES:

*********************************************************************************************
MODULE STATISTIC
  Name                                      Data   Code  Const
---------------------------------------------------------------------------------------------
  MC9S12XS128.c.o                            360      0      0
  main.c.o                                  2154   4485      2
  Start12.c.o                                  0     56      0
  FADD.C.o (ansixb.lib)                        0    134      0
  FCMP.C.o (ansixb.lib)                        0     38      0
  FCONV.C.o (ansixb.lib)                       0    118      0
  FMUL.C.o (ansixb.lib)                        0    269      0
  FREGS.C.o (ansixb.lib)                       0    169      0
  rtshc12.c.o (ansixb.lib)                     0    290      0
  VREGS.C.o (ansixb.lib)                       0     25      0
  other                                      256     12   1090

*********************************************************************************************
SECTION USE IN OBJECT-ALLOCATION SECTION
---------------------------------------------------------------------------------------------
SECTION: ".text"
  delay_1ms LCD_write_byte LCD_init LCD_set_XY LCD_clear LCD_write_shu 
  SetBusCLK_40M PWM_rudder_init PWM_init_motor0 PWM_init_motor1 AD_Init boman 
  steer_control AD_ctrl Steer Cal_P_Item Cal_D_Item abs Init_speed_tab 
  MOTOR_forward MOTORforward_Control motor_ctrl2 motor_ctrl20 road_Judgement 
  Speed_Control PA_Init initPIT delay main Dly_us RD_TSL dongtaiyuzhi Init 
SECTION: ".data"
  font6x8 g P_seg1 P_seg2 P_seg3 P_seg4 P_max 
SECTION: ".bss"
  Pulse_count Pulse_count0 pre_error pre_error0 ppre_error ppre_error0 
  speed_tab LOW_SPEED HIGH_SPEED car_driver car_driver0 ad_div stop_cnt 
  slope_flag slope_flag1 ADV0 ADV_0 CCD1 CCD2 pre_CCD1 total zai_cnt s2w_flag 
  zai_flag straight_flag long_straight_flag ls2w_flag pozhi_flag poqi_flag 
  start start_cnt l2 r2 lock pit_cnt start_flag queue_index.3 straight_cnt.6 
  s2w_cnt.7 ls2w_cnt.10 long_straight_cnt.17 pozhi_cnt.19 za_cnt.20 Z1.2 
  slope_cnt.15 
SECTION: ".init"
  _Startup 
SECTION: "NON_BANKED"
  PIT0 F_ADDKL _FADD _FSUB _FCMP F_TOLONGK F_FRLONGK _FSFLOAT _FSTRUNC 
  _FUTRUNC F_DIVKL F_MULKL _FMUL _FDIV F_PULK F_PULL F_PSHK F_XGKL F_CLRK 
  F_MAXK F_NORMK _BDIVMODS _LMULU16x32 _lDivMod _LDIVU _NEG_P _LDIVS L_NEGK 
  L_PSHK SL_PULK 
SECTION: ".abs_section_8"
  _PORTE 
SECTION: ".abs_section_9"
  _DDRE 
SECTION: ".abs_section_b"
  _MODE 
SECTION: ".abs_section_c"
  _PUCR 
SECTION: ".abs_section_d"
  _RDRIV 
SECTION: ".abs_section_10"
  _GPAGE 
SECTION: ".abs_section_11"
  _DIRECT 
SECTION: ".abs_section_13"
  _MMCCTL1 
SECTION: ".abs_section_15"
  _PPAGE 
SECTION: ".abs_section_16"
  _RPAGE 
SECTION: ".abs_section_17"
  _EPAGE 
SECTION: ".abs_section_1c"
  _ECLKCTL 
SECTION: ".abs_section_1e"
  _IRQCR 
SECTION: ".abs_section_20"
  _DBGC1 
SECTION: ".abs_section_21"
  _DBGSR 
SECTION: ".abs_section_22"
  _DBGTCR 
SECTION: ".abs_section_23"
  _DBGC2 
SECTION: ".abs_section_26"
  _DBGCNT 
SECTION: ".abs_section_27"
  _DBGSCRX 
SECTION: ".abs_section_28"
  _DBGXCTL 
SECTION: ".abs_section_29"
  _DBGXAH 
SECTION: ".abs_section_2a"
  _DBGXAM 
SECTION: ".abs_section_2b"
  _DBGXAL 
SECTION: ".abs_section_2c"
  _DBGXDH 
SECTION: ".abs_section_2d"
  _DBGXDL 
SECTION: ".abs_section_2e"
  _DBGXDHM 
SECTION: ".abs_section_2f"
  _DBGXDLM 
SECTION: ".abs_section_32"
  _PORTK 
SECTION: ".abs_section_33"
  _DDRK 
SECTION: ".abs_section_34"
  _SYNR 
SECTION: ".abs_section_35"
  _REFDV 
SECTION: ".abs_section_36"
  _POSTDIV 
SECTION: ".abs_section_37"
  _CRGFLG 
SECTION: ".abs_section_38"
  _CRGINT 
SECTION: ".abs_section_39"
  _CLKSEL 
SECTION: ".abs_section_3a"
  _PLLCTL 
SECTION: ".abs_section_3b"
  _RTICTL 
SECTION: ".abs_section_3c"
  _COPCTL 
SECTION: ".abs_section_3f"
  _ARMCOP 
SECTION: ".abs_section_40"
  _TIOS 
SECTION: ".abs_section_41"
  _CFORC 
SECTION: ".abs_section_42"
  _OC7M 
SECTION: ".abs_section_43"
  _OC7D 
SECTION: ".abs_section_46"
  _TSCR1 
SECTION: ".abs_section_47"
  _TTOV 
SECTION: ".abs_section_48"
  _TCTL1 
SECTION: ".abs_section_49"
  _TCTL2 
SECTION: ".abs_section_4a"
  _TCTL3 
SECTION: ".abs_section_4b"
  _TCTL4 
SECTION: ".abs_section_4c"
  _TIE 
SECTION: ".abs_section_4d"
  _TSCR2 
SECTION: ".abs_section_4e"
  _TFLG1 
SECTION: ".abs_section_4f"
  _TFLG2 
SECTION: ".abs_section_60"
  _PACTL 
SECTION: ".abs_section_61"
  _PAFLG 
SECTION: ".abs_section_6c"
  _OCPD 
SECTION: ".abs_section_6e"
  _PTPSR 
SECTION: ".abs_section_ca"
  _SCI0ACR2 
SECTION: ".abs_section_cb"
  _SCI0CR2 
SECTION: ".abs_section_cc"
  _SCI0SR1 
SECTION: ".abs_section_cd"
  _SCI0SR2 
SECTION: ".abs_section_ce"
  _SCI0DRH 
SECTION: ".abs_section_cf"
  _SCI0DRL 
SECTION: ".abs_section_d2"
  _SCI1ACR2 
SECTION: ".abs_section_d3"
  _SCI1CR2 
SECTION: ".abs_section_d4"
  _SCI1SR1 
SECTION: ".abs_section_d5"
  _SCI1SR2 
SECTION: ".abs_section_d6"
  _SCI1DRH 
SECTION: ".abs_section_d7"
  _SCI1DRL 
SECTION: ".abs_section_d8"
  _SPI0CR1 
SECTION: ".abs_section_d9"
  _SPI0CR2 
SECTION: ".abs_section_da"
  _SPI0BR 
SECTION: ".abs_section_db"
  _SPI0SR 
SECTION: ".abs_section_100"
  _FCLKDIV 
SECTION: ".abs_section_101"
  _FSEC 
SECTION: ".abs_section_102"
  _FCCOBIX 
SECTION: ".abs_section_103"
  _FECCRIX 
SECTION: ".abs_section_104"
  _FCNFG 
SECTION: ".abs_section_105"
  _FERCNFG 
SECTION: ".abs_section_106"
  _FSTAT 
SECTION: ".abs_section_107"
  _FERSTAT 
SECTION: ".abs_section_108"
  _FPROT 
SECTION: ".abs_section_109"
  _DFPROT 
SECTION: ".abs_section_110"
  _FOPT 
SECTION: ".abs_section_121"
  _IVBR 
SECTION: ".abs_section_126"
  _INT_XGPRIO 
SECTION: ".abs_section_127"
  _INT_CFADDR 
SECTION: ".abs_section_128"
  _INT_CFDATA0 
SECTION: ".abs_section_129"
  _INT_CFDATA1 
SECTION: ".abs_section_12a"
  _INT_CFDATA2 
SECTION: ".abs_section_12b"
  _INT_CFDATA3 
SECTION: ".abs_section_12c"
  _INT_CFDATA4 
SECTION: ".abs_section_12d"
  _INT_CFDATA5 
SECTION: ".abs_section_12e"
  _INT_CFDATA6 
SECTION: ".abs_section_12f"
  _INT_CFDATA7 
SECTION: ".abs_section_140"
  _CAN0CTL0 
SECTION: ".abs_section_141"
  _CAN0CTL1 
SECTION: ".abs_section_142"
  _CAN0BTR0 
SECTION: ".abs_section_143"
  _CAN0BTR1 
SECTION: ".abs_section_144"
  _CAN0RFLG 
SECTION: ".abs_section_145"
  _CAN0RIER 
SECTION: ".abs_section_146"
  _CAN0TFLG 
SECTION: ".abs_section_147"
  _CAN0TIER 
SECTION: ".abs_section_148"
  _CAN0TARQ 
SECTION: ".abs_section_149"
  _CAN0TAAK 
SECTION: ".abs_section_14a"
  _CAN0TBSEL 
SECTION: ".abs_section_14b"
  _CAN0IDAC 
SECTION: ".abs_section_14d"
  _CAN0MISC 
SECTION: ".abs_section_14e"
  _CAN0RXERR 
SECTION: ".abs_section_14f"
  _CAN0TXERR 
SECTION: ".abs_section_150"
  _CAN0IDAR0 
SECTION: ".abs_section_151"
  _CAN0IDAR1 
SECTION: ".abs_section_152"
  _CAN0IDAR2 
SECTION: ".abs_section_153"
  _CAN0IDAR3 
SECTION: ".abs_section_154"
  _CAN0IDMR0 
SECTION: ".abs_section_155"
  _CAN0IDMR1 
SECTION: ".abs_section_156"
  _CAN0IDMR2 
SECTION: ".abs_section_157"
  _CAN0IDMR3 
SECTION: ".abs_section_158"
  _CAN0IDAR4 
SECTION: ".abs_section_159"
  _CAN0IDAR5 
SECTION: ".abs_section_15a"
  _CAN0IDAR6 
SECTION: ".abs_section_15b"
  _CAN0IDAR7 
SECTION: ".abs_section_15c"
  _CAN0IDMR4 
SECTION: ".abs_section_15d"
  _CAN0IDMR5 
SECTION: ".abs_section_15e"
  _CAN0IDMR6 
SECTION: ".abs_section_15f"
  _CAN0IDMR7 
SECTION: ".abs_section_160"
  _CAN0RXIDR0 
SECTION: ".abs_section_161"
  _CAN0RXIDR1 
SECTION: ".abs_section_162"
  _CAN0RXIDR2 
SECTION: ".abs_section_163"
  _CAN0RXIDR3 
SECTION: ".abs_section_164"
  _CAN0RXDSR0 
SECTION: ".abs_section_165"
  _CAN0RXDSR1 
SECTION: ".abs_section_166"
  _CAN0RXDSR2 
SECTION: ".abs_section_167"
  _CAN0RXDSR3 
SECTION: ".abs_section_168"
  _CAN0RXDSR4 
SECTION: ".abs_section_169"
  _CAN0RXDSR5 
SECTION: ".abs_section_16a"
  _CAN0RXDSR6 
SECTION: ".abs_section_16b"
  _CAN0RXDSR7 
SECTION: ".abs_section_16c"
  _CAN0RXDLR 
SECTION: ".abs_section_170"
  _CAN0TXIDR0 
SECTION: ".abs_section_171"
  _CAN0TXIDR1 
SECTION: ".abs_section_172"
  _CAN0TXIDR2 
SECTION: ".abs_section_173"
  _CAN0TXIDR3 
SECTION: ".abs_section_174"
  _CAN0TXDSR0 
SECTION: ".abs_section_175"
  _CAN0TXDSR1 
SECTION: ".abs_section_176"
  _CAN0TXDSR2 
SECTION: ".abs_section_177"
  _CAN0TXDSR3 
SECTION: ".abs_section_178"
  _CAN0TXDSR4 
SECTION: ".abs_section_179"
  _CAN0TXDSR5 
SECTION: ".abs_section_17a"
  _CAN0TXDSR6 
SECTION: ".abs_section_17b"
  _CAN0TXDSR7 
SECTION: ".abs_section_17c"
  _CAN0TXDLR 
SECTION: ".abs_section_17d"
  _CAN0TXTBPR 
SECTION: ".abs_section_240"
  _PTT 
SECTION: ".abs_section_241"
  _PTIT 
SECTION: ".abs_section_242"
  _DDRT 
SECTION: ".abs_section_243"
  _RDRT 
SECTION: ".abs_section_244"
  _PERT 
SECTION: ".abs_section_245"
  _PPST 
SECTION: ".abs_section_247"
  _PTTRR 
SECTION: ".abs_section_248"
  _PTS 
SECTION: ".abs_section_249"
  _PTIS 
SECTION: ".abs_section_24a"
  _DDRS 
SECTION: ".abs_section_24b"
  _RDRS 
SECTION: ".abs_section_24c"
  _PERS 
SECTION: ".abs_section_24d"
  _PPSS 
SECTION: ".abs_section_24e"
  _WOMS 
SECTION: ".abs_section_250"
  _PTM 
SECTION: ".abs_section_251"
  _PTIM 
SECTION: ".abs_section_252"
  _DDRM 
SECTION: ".abs_section_253"
  _RDRM 
SECTION: ".abs_section_254"
  _PERM 
SECTION: ".abs_section_255"
  _PPSM 
SECTION: ".abs_section_256"
  _WOMM 
SECTION: ".abs_section_257"
  _MODRR 
SECTION: ".abs_section_258"
  _PTP 
SECTION: ".abs_section_259"
  _PTIP 
SECTION: ".abs_section_25a"
  _DDRP 
SECTION: ".abs_section_25b"
  _RDRP 
SECTION: ".abs_section_25c"
  _PERP 
SECTION: ".abs_section_25d"
  _PPSP 
SECTION: ".abs_section_25e"
  _PIEP 
SECTION: ".abs_section_25f"
  _PIFP 
SECTION: ".abs_section_260"
  _PTH 
SECTION: ".abs_section_261"
  _PTIH 
SECTION: ".abs_section_262"
  _DDRH 
SECTION: ".abs_section_263"
  _RDRH 
SECTION: ".abs_section_264"
  _PERH 
SECTION: ".abs_section_265"
  _PPSH 
SECTION: ".abs_section_266"
  _PIEH 
SECTION: ".abs_section_267"
  _PIFH 
SECTION: ".abs_section_268"
  _PTJ 
SECTION: ".abs_section_269"
  _PTIJ 
SECTION: ".abs_section_26a"
  _DDRJ 
SECTION: ".abs_section_26b"
  _RDRJ 
SECTION: ".abs_section_26c"
  _PERJ 
SECTION: ".abs_section_26d"
  _PPSJ 
SECTION: ".abs_section_26e"
  _PIEJ 
SECTION: ".abs_section_26f"
  _PIFJ 
SECTION: ".abs_section_2c6"
  _ATD0STAT0 
SECTION: ".abs_section_2f0"
  _VREGHTCL 
SECTION: ".abs_section_2f1"
  _VREGCTRL 
SECTION: ".abs_section_2f2"
  _VREGAPICL 
SECTION: ".abs_section_2f3"
  _VREGAPITR 
SECTION: ".abs_section_2f7"
  _VREGHTTR 
SECTION: ".abs_section_300"
  _PWME 
SECTION: ".abs_section_301"
  _PWMPOL 
SECTION: ".abs_section_302"
  _PWMCLK 
SECTION: ".abs_section_303"
  _PWMPRCLK 
SECTION: ".abs_section_304"
  _PWMCAE 
SECTION: ".abs_section_305"
  _PWMCTL 
SECTION: ".abs_section_308"
  _PWMSCLA 
SECTION: ".abs_section_309"
  _PWMSCLB 
SECTION: ".abs_section_324"
  _PWMSDN 
SECTION: ".abs_section_340"
  _PITCFLMT 
SECTION: ".abs_section_341"
  _PITFLT 
SECTION: ".abs_section_342"
  _PITCE 
SECTION: ".abs_section_343"
  _PITMUX 
SECTION: ".abs_section_344"
  _PITINTE 
SECTION: ".abs_section_345"
  _PITTF 
SECTION: ".abs_section_346"
  _PITMTLD0 
SECTION: ".abs_section_347"
  _PITMTLD1 
SECTION: ".abs_section_0"
  _PORTAB 
SECTION: ".abs_section_2"
  _DDRAB 
SECTION: ".abs_section_1a"
  _PARTID 
SECTION: ".abs_section_24"
  _DBGTB 
SECTION: ".abs_section_44"
  _TCNT 
SECTION: ".abs_section_50"
  _TC0 
SECTION: ".abs_section_52"
  _TC1 
SECTION: ".abs_section_54"
  _TC2 
SECTION: ".abs_section_56"
  _TC3 
SECTION: ".abs_section_58"
  _TC4 
SECTION: ".abs_section_5a"
  _TC5 
SECTION: ".abs_section_5c"
  _TC6 
SECTION: ".abs_section_5e"
  _TC7 
SECTION: ".abs_section_62"
  _PACNT 
SECTION: ".abs_section_c8"
  _SCI0BD 
SECTION: ".abs_section_d0"
  _SCI1BD 
SECTION: ".abs_section_dc"
  _SPI0DR 
SECTION: ".abs_section_10a"
  _FCCOB 
SECTION: ".abs_section_10e"
  _FECCR 
SECTION: ".abs_section_16e"
  _CAN0RXTSR 
SECTION: ".abs_section_17e"
  _CAN0TXTSR 
SECTION: ".abs_section_270"
  _PT01AD0 
SECTION: ".abs_section_272"
  _DDR01AD0 
SECTION: ".abs_section_274"
  _RDR01AD0 
SECTION: ".abs_section_276"
  _PER01AD0 
SECTION: ".abs_section_2c0"
  _ATD0CTL01 
SECTION: ".abs_section_2c2"
  _ATD0CTL23 
SECTION: ".abs_section_2c4"
  _ATD0CTL45 
SECTION: ".abs_section_2c8"
  _ATD0CMPE 
SECTION: ".abs_section_2ca"
  _ATD0STAT2 
SECTION: ".abs_section_2cc"
  _ATD0DIEN 
SECTION: ".abs_section_2ce"
  _ATD0CMPHT 
SECTION: ".abs_section_2d0"
  _ATD0DR0 
SECTION: ".abs_section_2d2"
  _ATD0DR1 
SECTION: ".abs_section_2d4"
  _ATD0DR2 
SECTION: ".abs_section_2d6"
  _ATD0DR3 
SECTION: ".abs_section_2d8"
  _ATD0DR4 
SECTION: ".abs_section_2da"
  _ATD0DR5 
SECTION: ".abs_section_2dc"
  _ATD0DR6 
SECTION: ".abs_section_2de"
  _ATD0DR7 
SECTION: ".abs_section_2e0"
  _ATD0DR8 
SECTION: ".abs_section_2e2"
  _ATD0DR9 
SECTION: ".abs_section_2e4"
  _ATD0DR10 
SECTION: ".abs_section_2e6"
  _ATD0DR11 
SECTION: ".abs_section_2e8"
  _ATD0DR12 
SECTION: ".abs_section_2ea"
  _ATD0DR13 
SECTION: ".abs_section_2ec"
  _ATD0DR14 
SECTION: ".abs_section_2ee"
[...]
 00DB2165
------- ROM-ADDRESS: 0xC529 ---- RAM-ADDRESS: 0x2165 ---- SIZE       5 ---
Name of initialized Object : font6x8:101
 1C00220041
------- ROM-ADDRESS: 0xC52E ---- SIZE       7 ---
Filling bytes inserted
 0000000000 0000
------- ROM-ADDRESS: 0xC535 ---- RAM-ADDRESS: 0x2171 ---- SIZE       5 ---
Name of initialized Object : font6x8:113
 410022001C
------- ROM-ADDRESS: 0xC53A ---- SIZE       5 ---
Filling bytes inserted
 0000000000
------- ROM-ADDRESS: 0xC53F ---- RAM-ADDRESS: 0x217B ---- SIZE      21 ---
Name of initialized Object : font6x8:123
 140008003E 0008001400 0000080008
 003E000800 08
------- ROM-ADDRESS: 0xC554 ---- SIZE       7 ---
Filling bytes inserted
 0000000000 0000
------- ROM-ADDRESS: 0xC55B ---- RAM-ADDRESS: 0x2197 ---- SIZE       3 ---
Name of initialized Object : font6x8:151
 A00060
------- ROM-ADDRESS: 0xC55E ---- SIZE       5 ---
Filling bytes inserted
 0000000000
------- ROM-ADDRESS: 0xC563 ---- RAM-ADDRESS: 0x219F ---- SIZE       9 ---
Name of initialized Object : font6x8:159
 0800080008 00080008
------- ROM-ADDRESS: 0xC56C ---- SIZE       5 ---
Filling bytes inserted
 0000000000
------- ROM-ADDRESS: 0xC571 ---- RAM-ADDRESS: 0x21AD ---- SIZE       3 ---
Name of initialized Object : font6x8:173
 600060
------- ROM-ADDRESS: 0xC574 ---- SIZE       7 ---
Filling bytes inserted
 0000000000 0000
------- ROM-ADDRESS: 0xC57B ---- RAM-ADDRESS: 0x21B7 ---- SIZE      21 ---
Name of initialized Object : font6x8:183
 2000100008 0004000200 00003E0051
 0049004500 3E
------- ROM-ADDRESS: 0xC590 ---- SIZE       5 ---
Filling bytes inserted
 0000000000
------- ROM-ADDRESS: 0xC595 ---- RAM-ADDRESS: 0x21D1 ---- SIZE       5 ---
Name of initialized Object : font6x8:209
 42007F0040
------- ROM-ADDRESS: 0xC59A ---- SIZE       5 ---
Filling bytes inserted
 0000000000
------- ROM-ADDRESS: 0xC59F ---- RAM-ADDRESS: 0x21DB ---- SIZE      93 ---
Name of initialized Object : font6x8:219
 4200610051 0049004600 0000210041
 0045004B00 3100000018 0014001200
 7F00100000 0027004500 4500450039
 0000003C00 4A00490049 0030000000
 0100710009 0005000300 0000360049
 0049004900 3600000006 0049004900
 29001E
------- ROM-ADDRESS: 0xC5FC ---- SIZE       5 ---
Filling bytes inserted
 0000000000
------- ROM-ADDRESS: 0xC601 ---- RAM-ADDRESS: 0x223D ---- SIZE       3 ---
Name of initialized Object : font6x8:317
 360036
------- ROM-ADDRESS: 0xC604 ---- SIZE       4 ---
Filling bytes inserted
 03152249
------- ROM-ADDRESS: 0xC608 ---- RAM-ADDRESS: 0x2249 ---- SIZE       3 ---
Name of initialized Object : font6x8:329
 560036
------- ROM-ADDRESS: 0xC60B ---- SIZE       7 ---
Filling bytes inserted
 0000000000 0000
------- ROM-ADDRESS: 0xC612 ---- RAM-ADDRESS: 0x2253 ---- SIZE       7 ---
Name of initialized Object : font6x8:339
 0800140022 0041
------- ROM-ADDRESS: 0xC619 ---- SIZE       5 ---
Filling bytes inserted
 0000000000
------- ROM-ADDRESS: 0xC61E ---- RAM-ADDRESS: 0x225F ---- SIZE       9 ---
Name of initialized Object : font6x8:351
 1400140014 00140014
------- ROM-ADDRESS: 0xC627 ---- SIZE       5 ---
Filling bytes inserted
 0000000000
------- ROM-ADDRESS: 0xC62C ---- RAM-ADDRESS: 0x226D ---- SIZE     127 ---
Name of initialized Object : font6x8:365
 4100220014 0008000000 0200010051
 0009000600 0000320049 0059005100
 3E0000007C 0012001100 12007C0000
 007F004900 4900490036 0000003E00
 4100410041 0022000000 7F00410041
 0022001C00 00007F0049 0049004900
 410000007F 0009000900 0900010000
 003E004100 490049007A 0000007F00
 0800080008 007F
------- ROM-ADDRESS: 0xC6AB ---- SIZE       5 ---
Filling bytes inserted
 0000000000
------- ROM-ADDRESS: 0xC6B0 ---- RAM-ADDRESS: 0x22F1 ---- SIZE       5 ---
Name of initialized Object : font6x8:497
 41007F0041
------- ROM-ADDRESS: 0xC6B5 ---- SIZE       5 ---
Filling bytes inserted
 0000000000
------- ROM-ADDRESS: 0xC6BA ---- RAM-ADDRESS: 0x22FB ---- SIZE     201 ---
Name of initialized Object : font6x8:507
 2000400041 003F000100 00007F0008
 0014002200 410000007F 0040004000
 4000400000 007F000200 0C0002007F
 0000007F00 0400080010 007F000000
 3E00410041 0041003E00 00007F0009
 0009000900 060000003E 0041005100
 21005E0000 007F000900 1900290046
 0000004600 4900490049 0031000000
 010001007F 0001000100 00003F0040
 0040004000 3F0000001F 0020004000
 20001F0000 003F004000 380040003F
 0000006300 1400080014 0063000000
 0700080070 0008000700 0000610051
 0049004500 43
------- ROM-ADDRESS: 0xC783 ---- SIZE       5 ---
Filling bytes inserted
 0000000000
------- ROM-ADDRESS: 0xC788 ---- RAM-ADDRESS: 0x23C9 ---- SIZE       5 ---
Name of initialized Object : font6x8:713
 7F00410041
------- ROM-ADDRESS: 0xC78D ---- SIZE       5 ---
Filling bytes inserted
 0000000000
------- ROM-ADDRESS: 0xC792 ---- RAM-ADDRESS: 0x23D3 ---- SIZE       9 ---
Name of initialized Object : font6x8:723
 55002A0055 002A0055
------- ROM-ADDRESS: 0xC79B ---- SIZE       5 ---
Filling bytes inserted
 0000000000
------- ROM-ADDRESS: 0xC7A0 ---- RAM-ADDRESS: 0x23E1 ---- SIZE       5 ---
Name of initialized Object : font6x8:737
 410041007F
------- ROM-ADDRESS: 0xC7A5 ---- SIZE       5 ---
Filling bytes inserted
 0000000000
------- ROM-ADDRESS: 0xC7AA ---- RAM-ADDRESS: 0x23EB ---- SIZE      21 ---
Name of initialized Object : font6x8:747
 0400020001 0002000400 0000400040
 0040004000 40
------- ROM-ADDRESS: 0xC7BF ---- SIZE       5 ---
Filling bytes inserted
 0000000000
------- ROM-ADDRESS: 0xC7C4 ---- RAM-ADDRESS: 0x2405 ---- SIZE       5 ---
Name of initialized Object : font6x8:773
 0100020004
------- ROM-ADDRESS: 0xC7C9 ---- SIZE       5 ---
Filling bytes inserted
 0000000000
------- ROM-ADDRESS: 0xC7CE ---- RAM-ADDRESS: 0x240F ---- SIZE      93 ---
Name of initialized Object : font6x8:783
 2000540054 0054007800 00007F0048
 0044004400 3800000038 0044004400
 4400200000 0038004400 440048007F
 0000003800 5400540054 0018000000
 08007E0009 0001000200 00001800A4
 00A400A400 7C0000007F 0008000400
 040078
------- ROM-ADDRESS: 0xC82B ---- SIZE       5 ---
Filling bytes inserted
 0000000000
------- ROM-ADDRESS: 0xC830 ---- RAM-ADDRESS: 0x2471 ---- SIZE       5 ---
Name of initialized Object : font6x8:881
 44007D0040
------- ROM-ADDRESS: 0xC835 ---- SIZE       5 ---
Filling bytes inserted
 0000000000
------- ROM-ADDRESS: 0xC83A ---- RAM-ADDRESS: 0x247B ---- SIZE       7 ---
Name of initialized Object : font6x8:891
 4000800084 007D
------- ROM-ADDRESS: 0xC841 ---- SIZE       5 ---
Filling bytes inserted
 0000000000
------- ROM-ADDRESS: 0xC846 ---- RAM-ADDRESS: 0x2487 ---- SIZE       7 ---
Name of initialized Object : font6x8:903
 7F00100028 0044
------- ROM-ADDRESS: 0xC84D ---- SIZE       7 ---
Filling bytes inserted
 0000000000 0000
------- ROM-ADDRESS: 0xC854 ---- RAM-ADDRESS: 0x2495 ---- SIZE       5 ---
Name of initialized Object : font6x8:917
 41007F0040
------- ROM-ADDRESS: 0xC859 ---- SIZE       5 ---
Filling bytes inserted
 0000000000
------- ROM-ADDRESS: 0xC85E ---- RAM-ADDRESS: 0x249F ---- SIZE     177 ---
Name of initialized Object : font6x8:927
 7C00040018 0004007800 00007C0008
 0004000400 7800000038 0044004400
 4400380000 00FC002400 2400240018
 0000001800 2400240018 00FC000000
 7C00080004 0004000800 0000480054
 0054005400 2000000004 003F004400
 4000200000 003C004000 400020007C
 0000001C00 2000400020 001C000000
 3C00400030 0040003C00 0000440028
 0010002800 440000001C 00A000A000
 A0007C0000 0044006400 54004C0044
 0014001400 1400140014 0014
------- ROM-ADDRESS: 0xC90F ---- RAM-ADDRESS: 0x2550 ---- SIZE       2 ---
Name of initialized Object : g
 42F4
------- ROM-ADDRESS: 0xC911 ---- SIZE       3 ---
Filling bytes inserted
 000000
------- ROM-ADDRESS: 0xC914 ---- RAM-ADDRESS: 0x2555 ---- SIZE       1 ---
Name of initialized Object : P_seg1:1
 5A
------- ROM-ADDRESS: 0xC915 ---- SIZE       1 ---
Filling bytes inserted
 00
------- ROM-ADDRESS: 0xC916 ---- RAM-ADDRESS: 0x2557 ---- SIZE       1 ---
Name of initialized Object : P_seg2:1
 B4
------- ROM-ADDRESS: 0xC917 ---- RAM-ADDRESS: 0x2558 ---- SIZE       2 ---
Name of initialized Object : P_seg3
 0118
------- ROM-ADDRESS: 0xC919 ---- RAM-ADDRESS: 0x255A ---- SIZE       2 ---
Name of initialized Object : P_seg4
 015E
------- ROM-ADDRESS: 0xC91B ---- RAM-ADDRESS: 0x255C ---- SIZE       2 ---
Name of initialized Object : P_max
 01F4
------- ROM-ADDRESS: 0xC91D ---- SIZE       2 ---
Filling bytes inserted
 0000

*********************************************************************************************
OBJECT-DEPENDENCIES SECTION
---------------------------------------------------------------------------------------------
_Startup                  USES __SEG_END_SSTACK Init main 
PIT0                      USES pit_cnt _PACTL _PACNT Pulse_count _PTH 
                                Pulse_count0 _PORTE Dly_us now_speed now_speed0 time _PTM 
                                k_cnt wxstop g _FUTRUNC LCD_write_shu _PITTF 
F_ADDKL                   USES F_XGKL F_NORMK 
_FADD                     USES F_PULK F_PULL F_ADDKL F_PSHK 
_FSUB                     USES _FADD 
_FSFLOAT                  USES SL_PULK F_FRLONGK F_PSHK 
_FSTRUNC                  USES F_PULK F_TOLONGK L_PSHK 
_FUTRUNC                  USES _FSTRUNC 
F_DIVKL                   USES F_MAXK F_NORMK 
F_MULKL                   USES F_CLRK F_NORMK 
_FMUL                     USES F_PULK F_PULL F_MULKL F_PSHK 
_FDIV                     USES F_PULL F_PULK F_DIVKL F_PSHK 
F_MAXK                    USES F_CLRK 
F_NORMK                   USES F_MAXK 
_LDIVU                    USES _lDivMod 
_LDIVS                    USES _NEG_P _lDivMod 
L_NEGK                    USES _NEG_P 
L_PSHK                    USES L_NEGK 
SL_PULK                   USES L_NEGK 
_Vector_66                USES PIT0 
LCD_write_byte            USES _PORTAB 
LCD_init                  USES _PORTAB delay_1ms LCD_write_byte LCD_clear 
LCD_set_XY                USES LCD_write_byte 
LCD_clear                 USES LCD_write_byte 
LCD_write_shu             USES LCD_write_shu _LDIVU _BDIVMODS LCD_set_XY 
                                font6x8 LCD_write_byte 
SetBusCLK_40M             USES _CLKSEL _PLLCTL _SYNR _REFDV _POSTDIV _CRGFLG 
PWM_rudder_init           USES _PWME _PWMPRCLK _PWMCLK _PWMSCLB _PWMCTL 
                                _PWMPOL _PWMCAE _PWMPER23 _PWMCNT23 
PWM_init_motor0           USES _PWME _PWMCLK _PWMSCLA _PWMPOL _PWMCAE 
                                _PWMPER01 _PWMCNT01 _PWMPRCLK 
PWM_init_motor1           USES _PWME _PWMCLK _PWMSCLA _PWMPOL _PWMCAE 
                                _PWMPER45 _PWMCNT45 _PWMPRCLK 
AD_Init                   USES _ATD0DIEN _ATD0CTL01 _ATD0CTL23 _ATD0CTL45 
boman                     USES _PTM HIGH_SPEED LOW_SPEED 
steer_control             USES l2 ADV_0 r2 _FSFLOAT _FSUB _FDIV ad_div _FMUL 
                                pre_div _FADD lock 
AD_ctrl                   USES steer_control ad_div pre_div lock _FSUB _FCMP 
                                _FSTRUNC position Steer Servo_Dir _PWMDTY23 
Steer                     USES Cal_P_Item Cal_D_Item _FSFLOAT _FMUL _FADD 
                                _FUTRUNC Servo_Dir 
Cal_P_Item                USES position abs P_seg1 Cal_P_Item P_seg2 P_seg3 
                                P_seg4 P_max 
Cal_D_Item                USES position queue_index.3 Z1.2 
Init_speed_tab            USES HIGH_SPEED LOW_SPEED _LMULU16x32 _LDIVS 
                                speed_tab 
MOTOR_forward             USES _PWMDTY45 _PWMDTY01 
MOTORforward_Control      USES ideal_speed Pulse_count motor_ctrl2 car_driver 
                                ideal_speed0 Pulse_count0 motor_ctrl20 car_driver0 
                                MOTOR_forward 
motor_ctrl2               USES pre_error ppre_error speed _FSFLOAT _FMUL 
                                _FSTRUNC _FADD 
motor_ctrl20              USES pre_error0 ppre_error0 speed0 _FSFLOAT _FMUL 
                                _FSTRUNC _FADD 
road_Judgement            USES road_Judgement zai_cnt zai_flag za_cnt.20 
                                za_flag straight_cnt.6 straight_flag s2w_flag 
                                s2w_cnt.7 long_straight_cnt.17 long_straight_flag 
                                ls2w_flag ls2w_cnt.10 _PTM r2 slope_flag _PORTAB 
                                _PWMDTY23 pozhi_flag poqi_flag slope_cnt.15 pozhi_cnt.19 
                                slope_flag1 position abs l2 
Speed_Control             USES position abs speed_tab Speed_Control speed_ept 
                                _FSTRUNC speed_ept0 Servo_Dir preServo_Dir 
                                straight_flag HIGH_SPEED long_straight_flag s2w_flag 
                                now_speed now_speed0 ls2w_flag slope_flag1 ideal_speed 
                                ideal_speed0 MOTORforward_Control _FDIV _FADD _FMUL 
                                _FSFLOAT 
PA_Init                   USES _PACTL _PACNT 
initPIT                   USES _PITCFLMT _PITCE _PITMUX _PITMTLD0 _PITLD0 
                                _PITINTE 
main                      USES SetBusCLK_40M PWM_rudder_init PWM_init_motor0 
                                PWM_init_motor1 AD_Init initPIT PA_Init _PORTAB _DDRAB _PTH 
                                _DDRH _DDRM _DDRS _PORTE _DDRE _PUCR _IRQCR LCD_init 
                                _PWMDTY23 delay boman Init_speed_tab RD_TSL dongtaiyuzhi 
                                AD_ctrl start_flag wxstop road_Judgement now_speed 
                                stop_finish ideal_speed ideal_speed0 MOTORforward_Control 
                                stop_cnt _PWMDTY01 _PWMDTY45 start start_cnt 
                                Speed_Control 
RD_TSL                    USES _PORTAB Dly_us _ATD0STAT2 _ATD0DR0 ADV0 total 
dongtaiyuzhi              USES ad_div _FCMP ADV0 CCD1 pre_CCD1 ADV_0 CCD2 
Init                      USES _startupData 

*********************************************************************************************
DEPENDENCY TREE
*********************************************************************************************
 main and _Startup Group
 | 
 +- main                
 |  | 
 |  +- SetBusCLK_40M       
 |  |    
 |  +- PWM_rudder_init     
 |  |    
 |  +- PWM_init_motor0     
 |  |    
 |  +- PWM_init_motor1     
 |  |    
 |  +- AD_Init             
 |  |    
 |  +- initPIT             
 |  |    
 |  +- PA_Init             
 |  |    
 |  +- LCD_init            
 |  |  | 
 |  |  +- delay_1ms           
 |  |  |    
 |  |  +- LCD_write_byte      
 |  |  |    
 |  |  +- LCD_clear           
 |  |     | 
 |  |     +- LCD_write_byte       (see above)
 |  |        
 |  +- delay               
 |  |    
 |  +- boman               
 |  |    
 |  +- Init_speed_tab      
 |  |  | 
 |  |  +- _LMULU16x32         
 |  |  |    
 |  |  +- _LDIVS              
 |  |     | 
 |  |     +- _NEG_P              
 |  |     |    
 |  |     +- _lDivMod            
 |  |          
 |  +- RD_TSL              
 |  |  | 
 |  |  +- Dly_us              
 |  |       
 |  +- dongtaiyuzhi        
 |  |  | 
 |  |  +- _FCMP               
 |  |       
 |  +- AD_ctrl             
 |  |  | 
 |  |  +- steer_control       
 |  |  |  | 
 |  |  |  +- _FSFLOAT            
 |  |  |  |  | 
 |  |  |  |  +- SL_PULK             
 |  |  |  |  |  | 
 |  |  |  |  |  +- L_NEGK              
 |  |  |  |  |     | 
 |  |  |  |  |     +- _NEG_P               (see above)
 |  |  |  |  |        
 |  |  |  |  +- F_FRLONGK           
 |  |  |  |  |    
 |  |  |  |  +- F_PSHK              
 |  |  |  |       
 |  |  |  +- _FSUB               
 |  |  |  |  | 
 |  |  |  |  +- _FADD               
 |  |  |  |     | 
 |  |  |  |     +- F_PULK              
 |  |  |  |     |    
 |  |  |  |     +- F_PULL              
 |  |  |  |     |    
 |  |  |  |     +- F_ADDKL             
 |  |  |  |     |  | 
 |  |  |  |     |  +- F_XGKL              
 |  |  |  |     |  |    
 |  |  |  |     |  +- F_NORMK             
 |  |  |  |     |     | 
 |  |  |  |     |     +- F_MAXK              
 |  |  |  |     |        | 
 |  |  |  |     |        +- F_CLRK              
 |  |  |  |     |             
 |  |  |  |     +- F_PSHK               (see above)
 |  |  |  |        
 |  |  |  +- _FDIV               
 |  |  |  |  | 
 |  |  |  |  +- F_PULL               (see above)
 |  |  |  |  |  
 |  |  |  |  +- F_PULK               (see above)
 |  |  |  |  |  
 |  |  |  |  +- F_DIVKL             
 |  |  |  |  |  | 
 |  |  |  |  |  +- F_MAXK               (see above)
 |  |  |  |  |  |  
 |  |  |  |  |  +- F_NORMK              (see above)
 |  |  |  |  |     
 |  |  |  |  +- F_PSHK               (see above)
 |  |  |  |     
 |  |  |  +- _FMUL               
 |  |  |  |  | 
 |  |  |  |  +- F_PULK               (see above)
 |  |  |  |  |  
 |  |  |  |  +- F_PULL               (see above)
 |  |  |  |  |  
 |  |  |  |  +- F_MULKL             
 |  |  |  |  |  | 
 |  |  |  |  |  +- F_CLRK               (see above)
 |  |  |  |  |  |  
 |  |  |  |  |  +- F_NORMK              (see above)
 |  |  |  |  |     
 |  |  |  |  +- F_PSHK               (see above)
 |  |  |  |     
 |  |  |  +- _FADD                (see above)
 |  |  |     
 |  |  +- _FSUB                (see above)
 |  |  |  
 |  |  +- _FCMP                (see above)
 |  |  |  
 |  |  +- _FSTRUNC            
 |  |  |  | 
 |  |  |  +- F_PULK               (see above)
 |  |  |  |  
 |  |  |  +- F_TOLONGK           
 |  |  |  |    
 |  |  |  +- L_PSHK              
 |  |  |     | 
 |  |  |     +- L_NEGK               (see above)
 |  |  |        
 |  |  +- Steer               
 |  |     | 
 |  |     +- Cal_P_Item          
 |  |     |  | 
 |  |     |  +- abs                 
 |  |     |       
 |  |     +- Cal_D_Item          
 |  |     |    
 |  |     +- _FSFLOAT             (see above)
 |  |     |  
 |  |     +- _FMUL                (see above)
 |  |     |  
 |  |     +- _FADD                (see above)
 |  |     |  
 |  |     +- _FUTRUNC            
 |  |        | 
 |  |        +- _FSTRUNC             (see above)
 |  |           
 |  +- road_Judgement      
 |  |  | 
 |  |  +- abs                  (see above)
 |  |     
 |  +- MOTORforward_Control
 |  |  | 
 |  |  +- motor_ctrl2         
 |  |  |  | 
 |  |  |  +- _FSFLOAT             (see above)
 |  |  |  |  
 |  |  |  +- _FMUL                (see above)
 |  |  |  |  
 |  |  |  +- _FSTRUNC             (see above)
 |  |  |  |  
 |  |  |  +- _FADD                (see above)
 |  |  |     
 |  |  +- motor_ctrl20        
 |  |  |  | 
 |  |  |  +- _FSFLOAT             (see above)
 |  |  |  |  
 |  |  |  +- _FMUL                (see above)
 |  |  |  |  
 |  |  |  +- _FSTRUNC             (see above)
 |  |  |  |  
 |  |  |  +- _FADD                (see above)
 |  |  |     
 |  |  +- MOTOR_forward       
 |  |       
 |  +- Speed_Control       
 |     | 
 |     +- abs                  (see above)
 |     |  
 |     +- _FSTRUNC             (see above)
 |     |  
 |     +- MOTORforward_Control (see above)
 |     |  
 |     +- _FDIV                (see above)
 |     |  
 |     +- _FADD                (see above)
 |     |  
 |     +- _FMUL                (see above)
 |     |  
 |     +- _FSFLOAT             (see above)
 |        
 +- _Startup            
    | 
    +- Init                
    |    
    +- main                 (see above)
       
 _Vector_66          
 | 
 +- PIT0                
    | 
    +- Dly_us               (see above)
    |  
    +- _FUTRUNC             (see above)
    |  
    +- LCD_write_shu       
       | 
       +- _LDIVU              
       |  | 
       |  +- _lDivMod             (see above)
       |     
       +- _BDIVMODS           
       |    
       +- LCD_set_XY          
       |  | 
       |  +- LCD_write_byte       (see above)
       |     
       +- LCD_write_byte       (see above)
          
*********************************************************************************************
STATISTIC SECTION
---------------------------------------------------------------------------------------------

ExeFile:
--------
Number of blocks to be downloaded: 6
Total size of all blocks to be downloaded: 6688

